../Core/Src/main.c:110:5:main	48	static
../Core/Src/main.c:224:6:SystemClock_Config	120	static
../Core/Src/main.c:277:13:MX_RTC_Init	8	static
../Core/Src/main.c:319:13:MX_USART1_UART_Init	8	static
../Core/Src/main.c:354:13:MX_USART2_UART_Init	8	static
../Core/Src/main.c:389:13:MX_GPIO_Init	48	static
../Core/Src/main.c:436:6:parseNMEA	24	static
../Core/Src/main.c:485:6:HAL_UART_RxCpltCallback	48	static
../Core/Src/main.c:530:6:ClearBuffer	8	static
../Core/Src/main.c:541:6:EnterStandbyMode	24	static
../Core/Src/main.c:578:6:SendCommand	112	static
../Core/Src/main.c:591:6:GetSatInfo	120	static
../Core/Src/main.c:610:6:Error_Handler	4	static,ignoring_inline_asm
