../Core/Src/main.c:108:5:main	48	static
../Core/Src/main.c:209:6:SystemClock_Config	120	static
../Core/Src/main.c:262:13:MX_RTC_Init	8	static
../Core/Src/main.c:304:13:MX_USART1_UART_Init	8	static
../Core/Src/main.c:339:13:MX_USART2_UART_Init	8	static
../Core/Src/main.c:374:13:MX_GPIO_Init	48	static
../Core/Src/main.c:406:6:parseNMEA	24	static
../Core/Src/main.c:451:6:HAL_UART_RxCpltCallback	48	static
../Core/Src/main.c:490:6:ClearBuffer	8	static
../Core/Src/main.c:501:6:EnterStandbyMode	24	static
../Core/Src/main.c:538:6:SendCommand	112	static
../Core/Src/main.c:551:6:GetSatInfo	120	static
../Core/Src/main.c:570:6:Error_Handler	4	static,ignoring_inline_asm
